[live5.in/live/shyamawedsanand/index.html]
[backblue.gif]
[fade.gif]
[index.html]
[live5.in/live/wp-includes/js/jquery/jquery4a5f.js]
[live5.in/live/wp-includes/js/jquery/jquery-migrate.min330a.js]
[live5.in/live/wp-content/uploads/2020/06/222.jpg]
[live5.in/live/wp-content/uploads/2018/11/5957908fe6d9740.jpg]
[cdn.jwplayer.com/libraries/cKY5REJu.js]
[live5.in/live/wp-content/uploads/2020/08/WhatsApp-Image-2020-08-14-at-13.10.23-682x1024.jpg]
[live5.in/live/wp-content/uploads/2020/08/ramesh-1024x774.jpg]
[live5.in/live/wp-content/themes/Impreza/framework/js/jquery.easing.min03ec.js]
[live5.in/live/wp-content/themes/Impreza/framework/js/jquery.magnific-popupf488.js]
[live5.in/live/wp-content/themes/Impreza/framework/js/jquery.simpleplaceholder03ec.js]
[live5.in/live/wp-content/themes/Impreza/framework/js/imagesloaded03ec.js]
[live5.in/live/wp-content/themes/Impreza/framework/js/us.core128b.js]
[live5.in/live/wp-content/themes/Impreza/framework/js/us.widgets128b.js]
[live5.in/live/wp-content/themes/Impreza/js/us.theme128b.js]
[live5.in/live/wp-includes/js/comment-reply.min03ec.js]
[live5.in/live/wp-includes/js/wp-embed.min03ec.js]
[live5.in/live/wp-content/plugins/js_composer/assets/lib/waypoints/waypoints.min7752.js]
[live5.in/live/shyamawedsanand/index.html]
[live5.in/live/wp-includes/css/dist/block-library/style.min03ec.css]
[live5.in/live/wp-content/themes/Impreza/framework/css/us-base128b.css]
[live5.in/live/wp-content/themes/Impreza/framework/css/font-awesome4698.css]
[live5.in/live/wp-content/themes/Impreza/framework/css/font-mdfi68b3.css]
[live5.in/live/wp-content/themes/Impreza/css/style128b.css]
[live5.in/live/wp-content/themes/Impreza/css/responsive128b.css]
[live5.in/live/wp-content/plugins/js_composer/assets/lib/bower/animate-css/animate.min7752.css]
